V3 3
FL /home/ise/Documents/ISE/P3_EX4/Retador_Completo.vhd 2023/05/03.21:45:32 P.20131013
EN work/Retador_Completo 1683150336 \
      FL /home/ise/Documents/ISE/P3_EX4/Retador_Completo.vhd \
      PB ieee/std_logic_1164 1381692176
AR work/Retador_Completo/Behavioral 1683150337 \
      FL /home/ise/Documents/ISE/P3_EX4/Retador_Completo.vhd \
      EN work/Retador_Completo 1683150336
