LISTING FOR LOGIC DESCRIPTION FILE: EJERCICIO15.pld                  Page 1

CUPL(WM): Universal Compiler for Programmable Logic
Version 5.0a Serial# 60008009
Copyright (c) 1983, 1998 Logical Devices, Inc.
Created Wed Mar 29 21:20:13 2023

  1:Name     Ejercicio15 ;
  2:PartNo   00 ;
  3:Date     29/03/2023 ;
  4:Revision 01 ;
  5:Designer Engineer ;
  6:Company  University of Tulsa ;
  7:Assembly None ;
  8:Location  ;
  9:Device   g22v10 ;
 10:
 11:
 12:/* *************** INPUT PINS *********************/
 13:PIN  1   =  clk                       ; /*                                 */ 
 14:
 15:/* *************** OUTPUT PINS *********************/
 16:
 17:PIN  14   = q0                        ; /*                                 */ 
 18:PIN  15   = q1                        ; /*                                 */ 
 19:PIN  16   = q2                        ; /*                                 */ 
 20:
 21:$define s0 'b'000
 22:$define s1 'b'001
 23:$define s2 'b'010
 24:$define s3 'b'011
 25:$define s4 'b'100
 26:$define s5 'b'101
 27:$define s6 'b'110
 28:$define s7 'b'111
 29:
 30:
 31:sequence q0, q1, q2
 32:{
 33:present 'b'000 next 'b'001;
 34:present 'b'001 next 'b'010;
 35:present 'b'010 next 'b'011;
 36:present 'b'011 next 'b'100;
 37:present 'b'100 next 'b'101;
 38:present 'b'101 next 'b'110;
 39:present 'b'110 next 'b'111;
 40:present 'b'111 next 'b'000;
 41:}
 42:
 43:
 44:
 45:
 46:



